<?xml version="1.0" encoding="utf-8" standalone="yes"?><rss version="2.0" xmlns:atom="http://www.w3.org/2005/Atom"><channel><title>Filesystem on CSE Thesis Musings</title><link>/categories/filesystem/</link><description>Recent content in Filesystem on CSE Thesis Musings</description><generator>Hugo -- gohugo.io</generator><language>en</language><copyright>&amp;copy; 2021-2022 &lt;a href="https://featherbear.cc">Andrew Wong (z5206677)&lt;/a></copyright><lastBuildDate>Sun, 01 May 2022 04:31:56 +1000</lastBuildDate><atom:link href="/categories/filesystem/index.xml" rel="self" type="application/rss+xml"/><item><title>Filesystem Overview</title><link>/posts/filesystem/fs-overview/</link><pubDate>Sun, 01 May 2022 04:31:56 +1000</pubDate><guid>/posts/filesystem/fs-overview/</guid><description>eMMC fdisk -l lsblk UDISK - mmcblk0p1 - /mnt/data boot-res - mmcblk0p2 env - mmcblk0p5 app - mmcblk0p6 @ /mnt/default (RO) recovery - mmcblk0p7 system_a - mmcblk0p8 system_b - mmcblk0p9 Download - mmcblk0p10 @ /mnt/updbuf reserve - mmcblk0p11 @ /mnt/reserve Also see https://github.</description></item><item><title>lsblk dump</title><link>/posts/filesystem/20220406-lsblk-dump/</link><pubDate>Wed, 06 Apr 2022 08:37:51 +0000</pubDate><guid>/posts/filesystem/20220406-lsblk-dump/</guid><description>root@rockrobo:~# lsblk NAME MAJ:MIN RM SIZE RO TYPE MOUNTPOINT mmcblk0boot0 179:16 0 2M 1 disk mmcblk0boot1 179:32 0 2M 1 disk mmcblk0 179:0 0 3.7G 0 disk |-mmcblk0p1 179:1 0 1.5G 0 part /mnt/data |-mmcblk0p2 179:2 0 8M 0 part |-mmcblk0p3 179:3 0 1K 0 part |-mmcblk0p5 179:5 0 16M 0 part |-mmcblk0p6 179:6 0 64M 0 part /mnt/default |-mmcblk0p7 179:7 0 512M 0 part |-mmcblk0p8 179:8 0 512M 0 part / |-mmcblk0p9 179:9 0 512M 0 part |-mmcblk0p10 179:10 0 528M 0 part /mnt/updbuf `-mmcblk0p11 179:11 0 16M 0 part /mnt/reserve</description></item><item><title>Filesystem Exploration</title><link>/posts/filesystem/20220318-filesystem-exploration/</link><pubDate>Fri, 18 Mar 2022 14:04:37 +0000</pubDate><guid>/posts/filesystem/20220318-filesystem-exploration/</guid><description>https://featherbear.cc/UNSW-CSE-Thesis/posts/fdisk-dump/
https://featherbear.cc/UNSW-CSE-Thesis/posts/emmc-layout/
[ 0.000000] Kernel command line: rootwait boot_fs=a console=ttyS0,115200 root=/dev/mmcblk0p8 rootfstype=ext4 loglevel=7 partitions=boot-res@mmcblk0p2:env@mmcblk0p5:app@mmcblk0p6:recovery@mmcblk0p7:system_a@mmcblk0p8:system_b@mmcblk0p9:Download@mmcblk0p10:reserve@mmcblk0p11:UDISK@mmcblk0p1 boot_reason=0x0 location=en boot_ver=2011.09-rc1-dirty
boot-res@mmcblk0p2
env@mmcblk0p5
app@mmcblk0p6 (default) (read only)
recovery@mmcblk0p7
system_a@mmcblk0p8
system_b@mmcblk0p9
Download@mmcblk0p10 (updbuf)
reserve@mmcblk0p11 (reserve)
UDISK@mmcblk0p1 (data)
| &amp;mdash; | &amp;mdash; | &amp;mdash; | &amp;mdash; | &amp;mdash; | &amp;mdash; | &amp;mdash; | &amp;mdash; | | Label | Device | Boot | Start | End | Blocks | Id | System | | UDISK | /dev/mmcblk0p1 | * | 4513792 | 7782399 | 1634304 | b | W95 FAT32 | | boot-res | /dev/mmcblk0p2 | 73728 | 90111 | 8192 | 6 | FAT16 | | | /dev/mmcblk0p3 | 1 | 4423680 | 2211840 | 5 | Extended | | env | /dev/mmcblk0p5 | 90112 | 122879 | 16384 | 83 | Linux | | app | /dev/mmcblk0p6 | 122880 | 253951 | 65536 | 83 | Linux | | recovery | /dev/mmcblk0p7 | 253952 | 1302527 | 524288 | 83 | Linux | | system_a | /dev/mmcblk0p8 | 1302528 | 2351103 | 524288 | 83 | Linux | | system_b | /dev/mmcblk0p9 | 2351104 | 3399679 | 524288 | 83 | Linux | | Download | /dev/mmcblk0p10 | 3399680 | 4481023 | 540672 | 83 | Linux | | reserve | /dev/mmcblk0p11 | 4481024 | 4513791 | 16384 | 83 | Linux |</description></item><item><title>fdisk dump</title><link>/posts/filesystem/20220302-fdisk-dump/</link><pubDate>Wed, 02 Mar 2022 06:01:48 +0000</pubDate><guid>/posts/filesystem/20220302-fdisk-dump/</guid><description>root@rockrobo:/home# fdisk -l Disk /dev/mmcblk0: 3959 MB, 3959422976 bytes 1 heads, 16 sectors/track, 483328 cylinders, total 7733248 sectors Units = sectors of 1 * 512 = 512 bytes Sector size (logical/physical): 512 bytes / 512 bytes I/O size (minimum/optimal): 512 bytes / 512 bytes Disk identifier: 0x00000000 Device Boot Start End Blocks Id System /dev/mmcblk0p1 * 4513792 7782399 1634304 b W95 FAT32 /dev/mmcblk0p2 73728 90111 8192 6 FAT16 /dev/mmcblk0p3 1 4423680 2211840 5 Extended /dev/mmcblk0p5 90112 122879 16384 83 Linux /dev/mmcblk0p6 122880 253951 65536 83 Linux /dev/mmcblk0p7 253952 1302527 524288 83 Linux /dev/mmcblk0p8 1302528 2351103 524288 83 Linux /dev/mmcblk0p9 2351104 3399679 524288 83 Linux /dev/mmcblk0p10 3399680 4481023 540672 83 Linux /dev/mmcblk0p11 4481024 4513791 16384 83 Linux Partition table entries are not in disk order Disk /dev/mmcblk0boot1: 2 MB, 2097152 bytes 4 heads, 16 sectors/track, 64 cylinders, total 4096 sectors Units = sectors of 1 * 512 = 512 bytes Sector size (logical/physical): 512 bytes / 512 bytes I/O size (minimum/optimal): 512 bytes / 512 bytes Disk identifier: 0x00000000 Disk /dev/mmcblk0boot1 doesn't contain a valid partition table Disk /dev/mmcblk0boot0: 2 MB, 2097152 bytes 4 heads, 16 sectors/track, 64 cylinders, total 4096 sectors Units = sectors of 1 * 512 = 512 bytes Sector size (logical/physical): 512 bytes / 512 bytes I/O size (minimum/optimal): 512 bytes / 512 bytes Disk identifier: 0x00000000 Disk /dev/mmcblk0boot0 doesn't contain a valid partition table</description></item><item><title>eMMC Layout</title><link>/posts/filesystem/20211029-emmc-layout/</link><pubDate>Fri, 29 Oct 2021 16:02:52 +0000</pubDate><guid>/posts/filesystem/20211029-emmc-layout/</guid><description>--------fastboot partitions-------- -total partitions:9- -name- -start- -size- boot-res : 1000000 800000 env : 1800000 1000000 app : 2800000 4000000 recovery : 6800000 20000000 system_a : 26800000 20000000 system_b : 46800000 20000000 Download : 66800000 21000000 reserve : 87800000 1000000 UDISK : 88800000 0 -----------------------------------</description></item></channel></rss>